=== RUN   TestLohiObserverSubmitRecommendationAllowsScheduledFollowup
=== RUN   TestLohiObserverSubmitRecommendationAllowsScheduledFollowup/scheduled
=== RUN   TestLohiObserverSubmitRecommendationAllowsScheduledFollowup/manual
--- PASS: TestLohiObserverSubmitRecommendationAllowsScheduledFollowup (0.00s)
    --- PASS: TestLohiObserverSubmitRecommendationAllowsScheduledFollowup/scheduled (0.00s)
    --- PASS: TestLohiObserverSubmitRecommendationAllowsScheduledFollowup/manual (0.00s)
=== RUN   TestObserverSkillGateAcceptsEveryReadSkillIdentifier
=== RUN   TestObserverSkillGateAcceptsEveryReadSkillIdentifier/advertised_UUID
=== RUN   TestObserverSkillGateAcceptsEveryReadSkillIdentifier/accepted_name
=== RUN   TestObserverSkillGateAcceptsEveryReadSkillIdentifier/case-folded_name
=== RUN   TestObserverSkillGateAcceptsEveryReadSkillIdentifier/whitespace-padded_UUID
=== RUN   TestObserverSkillGateAcceptsEveryReadSkillIdentifier/unrelated_successful_read
--- PASS: TestObserverSkillGateAcceptsEveryReadSkillIdentifier (0.08s)
    --- PASS: TestObserverSkillGateAcceptsEveryReadSkillIdentifier/advertised_UUID (0.02s)
    --- PASS: TestObserverSkillGateAcceptsEveryReadSkillIdentifier/accepted_name (0.02s)
    --- PASS: TestObserverSkillGateAcceptsEveryReadSkillIdentifier/case-folded_name (0.02s)
    --- PASS: TestObserverSkillGateAcceptsEveryReadSkillIdentifier/whitespace-padded_UUID (0.02s)
    --- PASS: TestObserverSkillGateAcceptsEveryReadSkillIdentifier/unrelated_successful_read (0.01s)
=== RUN   TestOrdinaryAgentSubmitRecommendationKeepsTerminalBoundary
=== RUN   TestOrdinaryAgentSubmitRecommendationKeepsTerminalBoundary/scheduled
=== RUN   TestOrdinaryAgentSubmitRecommendationKeepsTerminalBoundary/manual
--- PASS: TestOrdinaryAgentSubmitRecommendationKeepsTerminalBoundary (0.01s)
    --- PASS: TestOrdinaryAgentSubmitRecommendationKeepsTerminalBoundary/scheduled (0.00s)
    --- PASS: TestOrdinaryAgentSubmitRecommendationKeepsTerminalBoundary/manual (0.00s)
=== RUN   TestLohiObserverScheduledRunPersistsDeliveryFailureAndRetry
=== RUN   TestLohiObserverScheduledRunPersistsDeliveryFailureAndRetry/advertised_UUID
=== RUN   TestLohiObserverScheduledRunPersistsDeliveryFailureAndRetry/accepted_name
=== RUN   TestLohiObserverScheduledRunPersistsDeliveryFailureAndRetry/case-folded_name
=== RUN   TestLohiObserverScheduledRunPersistsDeliveryFailureAndRetry/whitespace-padded_UUID
--- PASS: TestLohiObserverScheduledRunPersistsDeliveryFailureAndRetry (8.90s)
    --- PASS: TestLohiObserverScheduledRunPersistsDeliveryFailureAndRetry/advertised_UUID (2.39s)
    --- PASS: TestLohiObserverScheduledRunPersistsDeliveryFailureAndRetry/accepted_name (2.17s)
    --- PASS: TestLohiObserverScheduledRunPersistsDeliveryFailureAndRetry/case-folded_name (2.18s)
    --- PASS: TestLohiObserverScheduledRunPersistsDeliveryFailureAndRetry/whitespace-padded_UUID (2.16s)
=== RUN   TestScheduledProviderTimeoutPersistsTerminalRun
=== RUN   TestScheduledProviderTimeoutPersistsTerminalRun/model_call_timeout
2026/10/05 23:53:07 scheduler: run failed project=d6e4dbfd-d602-4b3c-9577-18a74b2eb6eb agent=d6e4dbfd-d602-4b3c-9577-18a74b2eb6eb trigger=scheduled: context deadline exceeded
Pi run: context canceled
    scheduler_terminal_test.go:181: scheduled run=0b7fd8d4-52ae-46db-b725-d1bf6ea55c01 status=error finished=2026-10-05 23:53:07.132916 +0700 +07 summary="data_quality:availability — observation could not complete; readiness and business conditions remain unverified. context deadline exceeded\nPi run: context canceled" tools=0 model_calls=1
=== RUN   TestScheduledProviderTimeoutPersistsTerminalRun/deadline_before_first_model_turn
2026/10/05 23:53:08 scheduler: run failed project=32309686-333b-4024-b9e2-7c5f873a5839 agent=32309686-333b-4024-b9e2-7c5f873a5839 trigger=scheduled: context deadline exceeded
    scheduler_terminal_test.go:181: scheduled run=d9f296bf-bafa-44f9-b922-b351099c6a0a status=error finished=2026-10-05 23:53:08.463568 +0700 +07 summary="data_quality:availability — observation could not complete; readiness and business conditions remain unverified. context deadline exceeded" tools=0 model_calls=0
--- PASS: TestScheduledProviderTimeoutPersistsTerminalRun (2.70s)
    --- PASS: TestScheduledProviderTimeoutPersistsTerminalRun/model_call_timeout (1.36s)
    --- PASS: TestScheduledProviderTimeoutPersistsTerminalRun/deadline_before_first_model_turn (1.34s)
=== RUN   TestCronMatches
--- PASS: TestCronMatches (0.00s)
PASS
ok  	github.com/lohi-ai/agentray/internal/runtime	12.959s
=== RUN   TestLohiRevenueObserverUsesExistingInsightDigestAndDisabledTriggers
--- PASS: TestLohiRevenueObserverUsesExistingInsightDigestAndDisabledTriggers (0.00s)
=== RUN   TestLohiRevenueObserverDedupAndHonestyContract
--- PASS: TestLohiRevenueObserverDedupAndHonestyContract (0.00s)
PASS
ok  	github.com/lohi-ai/agentray/internal/workloads	1.644s
=== RUN   TestLohiRevenueObserverCronResolvesNineAMHCMToUTC
--- PASS: TestLohiRevenueObserverCronResolvesNineAMHCMToUTC (0.00s)
PASS
ok  	github.com/lohi-ai/agentray/internal/app	1.749s
