=== RUN   TestScheduledProviderTimeoutPersistsTerminalRun
=== RUN   TestScheduledProviderTimeoutPersistsTerminalRun/model_call_timeout
2026/10/05 23:52:14 scheduler: run failed project=f9407598-7d1f-409f-9e2f-bee46c5196c5 agent=f9407598-7d1f-409f-9e2f-bee46c5196c5 trigger=scheduled: context deadline exceeded
Pi run: context canceled
    scheduler_terminal_test.go:181: scheduled run=047650b5-775e-4946-b173-4d9083b989f9 status=error finished=2026-10-05 23:52:14.559358 +0700 +07 summary="data_quality:availability — observation could not complete; readiness and business conditions remain unverified. context deadline exceeded\nPi run: context canceled" tools=0 model_calls=1
=== RUN   TestScheduledProviderTimeoutPersistsTerminalRun/deadline_before_first_model_turn
2026/10/05 23:52:15 scheduler: run failed project=6267a5de-9616-4591-8717-c7fcb7e0f1a7 agent=6267a5de-9616-4591-8717-c7fcb7e0f1a7 trigger=scheduled: context deadline exceeded
    scheduler_terminal_test.go:181: scheduled run=23c864bd-4f57-4704-ba07-d3d8d5dd939d status=error finished=2026-10-05 23:52:15.892489 +0700 +07 summary="data_quality:availability — observation could not complete; readiness and business conditions remain unverified. context deadline exceeded" tools=0 model_calls=0
--- PASS: TestScheduledProviderTimeoutPersistsTerminalRun (2.72s)
    --- PASS: TestScheduledProviderTimeoutPersistsTerminalRun/model_call_timeout (1.39s)
    --- PASS: TestScheduledProviderTimeoutPersistsTerminalRun/deadline_before_first_model_turn (1.32s)
=== RUN   TestScheduledProviderTimeoutPersistsTerminalRun
=== RUN   TestScheduledProviderTimeoutPersistsTerminalRun/model_call_timeout
2026/10/05 23:52:17 scheduler: run failed project=31c50b78-f3b4-44d4-b29b-9c29436a5017 agent=31c50b78-f3b4-44d4-b29b-9c29436a5017 trigger=scheduled: context deadline exceeded
Pi run: context canceled
    scheduler_terminal_test.go:181: scheduled run=684f7a10-1bd0-41dd-ae6f-f2a0df02990c status=error finished=2026-10-05 23:52:17.273456 +0700 +07 summary="data_quality:availability — observation could not complete; readiness and business conditions remain unverified. context deadline exceeded\nPi run: context canceled" tools=0 model_calls=1
=== RUN   TestScheduledProviderTimeoutPersistsTerminalRun/deadline_before_first_model_turn
2026/10/05 23:52:18 scheduler: run failed project=675d1cd2-b3e0-41d5-9b24-f4d0d53c9718 agent=675d1cd2-b3e0-41d5-9b24-f4d0d53c9718 trigger=scheduled: context deadline exceeded
    scheduler_terminal_test.go:181: scheduled run=5274f198-76f2-4f8e-bd4d-5f16f17b0dfe status=error finished=2026-10-05 23:52:18.5912 +0700 +07 summary="data_quality:availability — observation could not complete; readiness and business conditions remain unverified. context deadline exceeded" tools=0 model_calls=0
--- PASS: TestScheduledProviderTimeoutPersistsTerminalRun (2.72s)
    --- PASS: TestScheduledProviderTimeoutPersistsTerminalRun/model_call_timeout (1.37s)
    --- PASS: TestScheduledProviderTimeoutPersistsTerminalRun/deadline_before_first_model_turn (1.35s)
=== RUN   TestScheduledProviderTimeoutPersistsTerminalRun
=== RUN   TestScheduledProviderTimeoutPersistsTerminalRun/model_call_timeout
2026/10/05 23:52:20 scheduler: run failed project=9938a56e-df21-4a12-b64f-00f8da971f8c agent=9938a56e-df21-4a12-b64f-00f8da971f8c trigger=scheduled: context deadline exceeded
Pi run: context canceled
    scheduler_terminal_test.go:181: scheduled run=3ee9cfac-a1b6-42f4-9bdf-c9073ab7614c status=error finished=2026-10-05 23:52:20.001982 +0700 +07 summary="data_quality:availability — observation could not complete; readiness and business conditions remain unverified. context deadline exceeded\nPi run: context canceled" tools=0 model_calls=1
=== RUN   TestScheduledProviderTimeoutPersistsTerminalRun/deadline_before_first_model_turn
2026/10/05 23:52:21 scheduler: run failed project=1438993d-df05-4162-a287-3d49898b2e83 agent=1438993d-df05-4162-a287-3d49898b2e83 trigger=scheduled: context deadline exceeded
    scheduler_terminal_test.go:181: scheduled run=95f8d9db-74c0-4e7c-8abb-6efa87f350d4 status=error finished=2026-10-05 23:52:21.32162 +0700 +07 summary="data_quality:availability — observation could not complete; readiness and business conditions remain unverified. context deadline exceeded" tools=0 model_calls=0
--- PASS: TestScheduledProviderTimeoutPersistsTerminalRun (2.72s)
    --- PASS: TestScheduledProviderTimeoutPersistsTerminalRun/model_call_timeout (1.38s)
    --- PASS: TestScheduledProviderTimeoutPersistsTerminalRun/deadline_before_first_model_turn (1.34s)
=== RUN   TestScheduledProviderTimeoutPersistsTerminalRun
=== RUN   TestScheduledProviderTimeoutPersistsTerminalRun/model_call_timeout
2026/10/05 23:52:22 scheduler: run failed project=f8a069a8-cba7-449d-aa89-541ac517bf98 agent=f8a069a8-cba7-449d-aa89-541ac517bf98 trigger=scheduled: context deadline exceeded
Pi run: context canceled
    scheduler_terminal_test.go:181: scheduled run=bcfb4f57-1ce9-4bf1-a94f-f55d1948dad6 status=error finished=2026-10-05 23:52:22.693248 +0700 +07 summary="data_quality:availability — observation could not complete; readiness and business conditions remain unverified. context deadline exceeded\nPi run: context canceled" tools=0 model_calls=1
=== RUN   TestScheduledProviderTimeoutPersistsTerminalRun/deadline_before_first_model_turn
2026/10/05 23:52:24 scheduler: run failed project=72b84bcc-89e7-445a-a30a-c8f28642409f agent=72b84bcc-89e7-445a-a30a-c8f28642409f trigger=scheduled: context deadline exceeded
    scheduler_terminal_test.go:181: scheduled run=25ab34db-47cc-444c-96db-926682b8cc54 status=error finished=2026-10-05 23:52:24.00981 +0700 +07 summary="data_quality:availability — observation could not complete; readiness and business conditions remain unverified. context deadline exceeded" tools=0 model_calls=0
--- PASS: TestScheduledProviderTimeoutPersistsTerminalRun (2.70s)
    --- PASS: TestScheduledProviderTimeoutPersistsTerminalRun/model_call_timeout (1.37s)
    --- PASS: TestScheduledProviderTimeoutPersistsTerminalRun/deadline_before_first_model_turn (1.33s)
=== RUN   TestScheduledProviderTimeoutPersistsTerminalRun
=== RUN   TestScheduledProviderTimeoutPersistsTerminalRun/model_call_timeout
2026/10/05 23:52:25 scheduler: run failed project=d18271b5-e286-40a9-b490-1a547cf6119f agent=d18271b5-e286-40a9-b490-1a547cf6119f trigger=scheduled: context deadline exceeded
Pi run: context canceled
    scheduler_terminal_test.go:181: scheduled run=e3d136b5-3aba-408c-9372-de6272e8e6a7 status=error finished=2026-10-05 23:52:25.435187 +0700 +07 summary="data_quality:availability — observation could not complete; readiness and business conditions remain unverified. context deadline exceeded\nPi run: context canceled" tools=0 model_calls=1
=== RUN   TestScheduledProviderTimeoutPersistsTerminalRun/deadline_before_first_model_turn
2026/10/05 23:52:26 scheduler: run failed project=41afe2e8-1eab-41bb-beb6-f1169d4223e4 agent=41afe2e8-1eab-41bb-beb6-f1169d4223e4 trigger=scheduled: context deadline exceeded
    scheduler_terminal_test.go:181: scheduled run=bf3c3430-da65-44f2-9b57-2a285c89597c status=error finished=2026-10-05 23:52:26.786878 +0700 +07 summary="data_quality:availability — observation could not complete; readiness and business conditions remain unverified. context deadline exceeded" tools=0 model_calls=0
--- PASS: TestScheduledProviderTimeoutPersistsTerminalRun (2.79s)
    --- PASS: TestScheduledProviderTimeoutPersistsTerminalRun/model_call_timeout (1.43s)
    --- PASS: TestScheduledProviderTimeoutPersistsTerminalRun/deadline_before_first_model_turn (1.36s)
=== RUN   TestScheduledProviderTimeoutPersistsTerminalRun
=== RUN   TestScheduledProviderTimeoutPersistsTerminalRun/model_call_timeout
2026/10/05 23:52:28 scheduler: run failed project=13648315-0dbd-4f7c-ad15-09e197963003 agent=13648315-0dbd-4f7c-ad15-09e197963003 trigger=scheduled: context deadline exceeded
Pi run: context canceled
    scheduler_terminal_test.go:181: scheduled run=0fa2d04d-d619-4971-996c-1298de410b3a status=error finished=2026-10-05 23:52:28.205704 +0700 +07 summary="data_quality:availability — observation could not complete; readiness and business conditions remain unverified. context deadline exceeded\nPi run: context canceled" tools=0 model_calls=1
=== RUN   TestScheduledProviderTimeoutPersistsTerminalRun/deadline_before_first_model_turn
2026/10/05 23:52:29 scheduler: run failed project=190ae13f-d7a2-4270-95cd-2d88bc237a6d agent=190ae13f-d7a2-4270-95cd-2d88bc237a6d trigger=scheduled: context deadline exceeded
    scheduler_terminal_test.go:181: scheduled run=8457dc75-a35d-4976-b29b-bcb838d5d11c status=error finished=2026-10-05 23:52:29.541263 +0700 +07 summary="data_quality:availability — observation could not complete; readiness and business conditions remain unverified. context deadline exceeded" tools=0 model_calls=0
--- PASS: TestScheduledProviderTimeoutPersistsTerminalRun (2.72s)
    --- PASS: TestScheduledProviderTimeoutPersistsTerminalRun/model_call_timeout (1.40s)
    --- PASS: TestScheduledProviderTimeoutPersistsTerminalRun/deadline_before_first_model_turn (1.32s)
=== RUN   TestScheduledProviderTimeoutPersistsTerminalRun
=== RUN   TestScheduledProviderTimeoutPersistsTerminalRun/model_call_timeout
2026/10/05 23:52:30 scheduler: run failed project=b0e33d15-c003-4bb3-804a-3589721f1d0e agent=b0e33d15-c003-4bb3-804a-3589721f1d0e trigger=scheduled: context deadline exceeded
Pi run: context canceled
    scheduler_terminal_test.go:181: scheduled run=230b589d-f988-4cf2-98e7-f38df0116fb1 status=error finished=2026-10-05 23:52:30.901833 +0700 +07 summary="data_quality:availability — observation could not complete; readiness and business conditions remain unverified. context deadline exceeded\nPi run: context canceled" tools=0 model_calls=1
=== RUN   TestScheduledProviderTimeoutPersistsTerminalRun/deadline_before_first_model_turn
2026/10/05 23:52:32 scheduler: run failed project=4e036b87-f851-4b42-9d04-fa7d0eee96c1 agent=4e036b87-f851-4b42-9d04-fa7d0eee96c1 trigger=scheduled: context deadline exceeded
    scheduler_terminal_test.go:181: scheduled run=61fd3436-6c85-47cd-918a-89418c6da467 status=error finished=2026-10-05 23:52:32.228316 +0700 +07 summary="data_quality:availability — observation could not complete; readiness and business conditions remain unverified. context deadline exceeded" tools=0 model_calls=0
--- PASS: TestScheduledProviderTimeoutPersistsTerminalRun (2.70s)
    --- PASS: TestScheduledProviderTimeoutPersistsTerminalRun/model_call_timeout (1.37s)
    --- PASS: TestScheduledProviderTimeoutPersistsTerminalRun/deadline_before_first_model_turn (1.33s)
=== RUN   TestScheduledProviderTimeoutPersistsTerminalRun
=== RUN   TestScheduledProviderTimeoutPersistsTerminalRun/model_call_timeout
2026/10/05 23:52:33 scheduler: run failed project=8a647677-bb83-4510-984b-e359cf2fb536 agent=8a647677-bb83-4510-984b-e359cf2fb536 trigger=scheduled: context deadline exceeded
Pi run: context canceled
    scheduler_terminal_test.go:181: scheduled run=61bd50f4-57e5-4fe5-a30a-7b8f8a802d91 status=error finished=2026-10-05 23:52:33.585063 +0700 +07 summary="data_quality:availability — observation could not complete; readiness and business conditions remain unverified. context deadline exceeded\nPi run: context canceled" tools=0 model_calls=1
=== RUN   TestScheduledProviderTimeoutPersistsTerminalRun/deadline_before_first_model_turn
2026/10/05 23:52:34 scheduler: run failed project=335eda9e-df56-4a3e-b81f-a5b901d3ee82 agent=335eda9e-df56-4a3e-b81f-a5b901d3ee82 trigger=scheduled: context deadline exceeded
    scheduler_terminal_test.go:181: scheduled run=fea33091-f806-437c-a911-52c5e961e6fe status=error finished=2026-10-05 23:52:34.92568 +0700 +07 summary="data_quality:availability — observation could not complete; readiness and business conditions remain unverified. context deadline exceeded" tools=0 model_calls=0
--- PASS: TestScheduledProviderTimeoutPersistsTerminalRun (2.68s)
    --- PASS: TestScheduledProviderTimeoutPersistsTerminalRun/model_call_timeout (1.36s)
    --- PASS: TestScheduledProviderTimeoutPersistsTerminalRun/deadline_before_first_model_turn (1.32s)
=== RUN   TestScheduledProviderTimeoutPersistsTerminalRun
=== RUN   TestScheduledProviderTimeoutPersistsTerminalRun/model_call_timeout
2026/10/05 23:52:36 scheduler: run failed project=42346867-57d7-4988-b552-54bfd1c4eac5 agent=42346867-57d7-4988-b552-54bfd1c4eac5 trigger=scheduled: context deadline exceeded
Pi run: context canceled
    scheduler_terminal_test.go:181: scheduled run=2aec52ac-fcb1-45eb-bea2-60ccee35f128 status=error finished=2026-10-05 23:52:36.289062 +0700 +07 summary="data_quality:availability — observation could not complete; readiness and business conditions remain unverified. context deadline exceeded\nPi run: context canceled" tools=0 model_calls=1
=== RUN   TestScheduledProviderTimeoutPersistsTerminalRun/deadline_before_first_model_turn
2026/10/05 23:52:37 scheduler: run failed project=8d025250-1d6c-492c-b9d1-550c60ab2b85 agent=8d025250-1d6c-492c-b9d1-550c60ab2b85 trigger=scheduled: context deadline exceeded
    scheduler_terminal_test.go:181: scheduled run=5ef900b8-7104-412e-ad67-595cd2229b1b status=error finished=2026-10-05 23:52:37.5946 +0700 +07 summary="data_quality:availability — observation could not complete; readiness and business conditions remain unverified. context deadline exceeded" tools=0 model_calls=0
--- PASS: TestScheduledProviderTimeoutPersistsTerminalRun (2.70s)
    --- PASS: TestScheduledProviderTimeoutPersistsTerminalRun/model_call_timeout (1.36s)
    --- PASS: TestScheduledProviderTimeoutPersistsTerminalRun/deadline_before_first_model_turn (1.33s)
=== RUN   TestScheduledProviderTimeoutPersistsTerminalRun
=== RUN   TestScheduledProviderTimeoutPersistsTerminalRun/model_call_timeout
2026/10/05 23:52:38 scheduler: run failed project=bddb0180-531c-4d96-98f1-bc6912ae997d agent=bddb0180-531c-4d96-98f1-bc6912ae997d trigger=scheduled: context deadline exceeded
Pi run: context canceled
    scheduler_terminal_test.go:181: scheduled run=569ffd57-1e72-4569-930f-30bdc0d6c568 status=error finished=2026-10-05 23:52:38.983831 +0700 +07 summary="data_quality:availability — observation could not complete; readiness and business conditions remain unverified. context deadline exceeded\nPi run: context canceled" tools=0 model_calls=1
=== RUN   TestScheduledProviderTimeoutPersistsTerminalRun/deadline_before_first_model_turn
2026/10/05 23:52:40 scheduler: run failed project=fac087c4-c2e7-4adf-be8f-7f1080327931 agent=fac087c4-c2e7-4adf-be8f-7f1080327931 trigger=scheduled: context deadline exceeded
    scheduler_terminal_test.go:181: scheduled run=7451d754-a8bf-4af9-af1b-c00a46bed3c9 status=error finished=2026-10-05 23:52:40.329471 +0700 +07 summary="data_quality:availability — observation could not complete; readiness and business conditions remain unverified. context deadline exceeded" tools=0 model_calls=0
--- PASS: TestScheduledProviderTimeoutPersistsTerminalRun (2.72s)
    --- PASS: TestScheduledProviderTimeoutPersistsTerminalRun/model_call_timeout (1.37s)
    --- PASS: TestScheduledProviderTimeoutPersistsTerminalRun/deadline_before_first_model_turn (1.35s)
PASS
ok  	github.com/lohi-ai/agentray/internal/runtime	28.277s
